// Jest Snapshot v1, https://goo.gl/fbAQLP

exports[`should have initial state 1`] = `
Object {
  "categories": Object {
    "categories": Array [],
    "error": null,
    "loading": false,
  },
}
`;
